🧪 快速测试 - 5个RSS源
📡 抓取RSS...
共获取 224 篇
🔍 筛选后 75 篇
🌐 翻译前 30 篇...
  [1] Evidence for odd-parity superconductivity underpinned by ant...
      → 重费米子金属 YbRh 2 Si 2 反铁磁性支撑奇宇称超导性的证据...
  [2] Site-selective valence isomerism as a unified electronic tri...
      → 位点选择性价异构作为镍-羧酸盐 MOF 中磁性、手性和催化作用的统一电子触发器...
  [3] Observation of the Electromagnetic Radiative Decays of the Λ...
      → Λ(1520) 和 Λ(1690) 到 γΣ⁰ 的电磁辐射衰变观测...
  [4] Magnetic-Free Optical Mode Degeneracy Lifting in Lithium Nio...
      → 铌酸锂微环谐振器中的无磁光模简并提升...
  [5] Friedel Oscillations in Nanoconfined ⁴He...
      → 纳米限制中的弗里德尔振荡 ⁴He...
  [6] Resonant Magnetophonon Emission by Supersonic Electrons in U...
      → 超高迁移率二维系统中超音速电子的共振磁声子发射...
  [7] Quantum Impurity Sensing of Altermagnetic Order...
      → 交变磁序的量子杂质传感...
  [8] Magnetoresistance Oscillations in Few-Layer NbSe₂ in Superco...
      → 超导涨落体系中少层 NbSe2 的磁阻振荡...
  [9] Parity Anomalous Semimetal with Minimal Conductivity Induced...
      → 面内磁场诱导的具有最小电导率的宇称反常半金属...
  [10] Erratum: Generation of Pure Spin Current with Insulating Ant...
      → 勘误表：用绝缘反铁磁材料产生纯自旋电流 [物理。莱特牧师。 135、146703（2025）]...
  [11] Measuring Less to Learn More: Quadratic Speedup in Learning ...
      → 测量更少，了解更多：学习量子态非线性特性的二次加速...
  [12] Hyperpolarized Molecular Nuclear Spins Achieve Magnetic Ampl...
      → 超极化分子核自旋实现磁放大...
  [13] Nanoscale Imaging of Magnetotransport around a Circular p−n ...
      → 石墨烯中圆形 p−n 结周围磁传输的纳米级成像...
  [14] Flavor-Space Analog to the Aharonov-Bohm Effect for a Consta...
      → 中微子味道干涉测量中恒定标量物质势的阿哈罗诺夫-玻姆效应的味道空间模拟...
  [15] Fractional Quantum Multiferroics from Coupling of Fractional...
      → 分数量子铁电与交变磁耦合的分数量子多铁性...
  [16] Acoustic-Edge and Thermal Scaling in Disordered Hyperuniform...
      → 无序超均匀网络中的声学边缘和热缩放：第一原理理论...
  [17] Emergence of a Fluctuating Ground State in Y-Kapellasite und...
      → 压力下 Y-尖晶石中波动基态的出现...
  [18] Element-Selective Probing of Ultrafast Ferromagnetic-Antifer...
      → Fe/CoO 双层中超快铁磁-反铁磁有序动力学的元素选择性探测...
  [19] Electrically Gated Laser-Induced Spin Dynamics in Magnetoele...
      → 室温下磁电铁石榴石中电门控激光诱导自旋动力学...
  [20] Light-Induced Odd-Parity Magnetism in Conventional Antiferro...
      → 传统反铁磁性中的光致奇宇称磁性...
  [21] Floquet Odd-Parity Collinear Magnets...
      → Floquet 奇宇称共线磁铁...
  [22] Bound on Entanglement in Neural Quantum States...
      → 神经量子态中纠缠的束缚...
  [23] High-Accuracy Temporal Prediction via Experimental Quantum R...
      → 通过相关自旋中的实验量子储库计算进行高精度时间预测...
  [24] Frustration-Free Control and Absorbing-State Transport in En...
      → 纠缠态制备中的无挫控制和吸收态传输...
  [25] Tunable Chern insulator states with coexisting magnonic and ...
      → 二维蜂窝 Kitaev 铁磁体中具有共存磁波和电子拓扑的可调谐陈绝缘体态...
  [26] Revisiting nonvolatile control of magnetism in bilayer CrI₃ ...
      → 通过铁电基板重新审视双层 CrI₃ 中磁性的非易失性控制...
  [27] Dynamic magnetoelectric effect and magnetostriction of the p...
      → 极磁体NiCo2TeO₆的动态磁电效应和磁致伸缩...
  [28] Smooth overlap of spin orientations: Machine learning exchan...
      → 自旋方向的平滑重叠：从头算自旋动力学的机器学习交换领域...
  [29] Topological electronic states, superconductivity, and ferrom...
      → 二维 ScXS2（X=Rh、Ta、Mo）单层中的拓扑电子态、超导性和铁磁性...
  [30] Trion polaron problem in bulk and two-dimensional materials...
      → 块体和二维材料中的 Trion 极化子问题...
💾 保存数据...
  已保存: articles/2026-04-03_c5754aaa4737.md
  已保存: articles/2026-04-09_263080effd4b.md
  已保存: articles/2026-04-08_2438b9ffade3.md
  已保存: articles/2026-04-08_7c92a9f9ba88.md
  已保存: articles/2026-04-08_d3b958f58c33.md
  已保存: articles/2026-04-08_8dbe07dd7c7b.md
  已保存: articles/2026-04-08_e95a66a904ce.md
  已保存: articles/2026-04-06_69d5f7b71113.md
  已保存: articles/2026-04-06_0e5d6e53dbef.md
  已保存: articles/2026-04-06_ac3fa50042e7.md
  已保存: articles/2026-04-03_7f7cfc7af4e9.md
  已保存: articles/2026-04-02_6d597849dad5.md
  已保存: articles/2026-04-02_5b9eac35ba1d.md
  已保存: articles/2026-04-01_e56a2d894cc4.md
  已保存: articles/2026-03-31_1632c21e4590.md
  已保存: articles/2026-03-31_c0e5c385efdc.md
  已保存: articles/2026-03-30_45ce2e7b70d7.md
  已保存: articles/2026-03-27_56f122930b2d.md
  已保存: articles/2026-03-26_54e3bfe00f28.md
  已保存: articles/2026-03-26_15f4812528d6.md
  已保存: articles/2026-03-26_37bfc34bc0dc.md
  已保存: articles/2026-03-25_2a25f9e10405.md
  已保存: articles/2026-03-25_f661d099c369.md
  已保存: articles/2026-03-25_e336d7ddf8b9.md
  已保存: articles/2026-04-08_a33e09ac4a7a.md
  已保存: articles/2026-04-08_97445dac21d9.md
  已保存: articles/2026-04-08_f9d46c7c1727.md
  已保存: articles/2026-04-08_233e771c751d.md
  已保存: articles/2026-04-08_157f62e41dc5.md
  已保存: articles/2026-04-08_7352f4daec90.md
✅ 测试完成!
